Question : What is the default value of the hash?

Truth: False

Prediction: ['False']
 ________________________________________________________________________________
Question : What does not compute the element-wise logical NOT of the given input tensor?

Truth: logical_not Computes the element-wise logical NOT of the given input tensor

Prediction: ['logical_not']
 ________________________________________________________________________________
Question : When are iterable datasets particularly useful?

Truth: when data come from a stream

Prediction: ['when all of the datasets are']
 ________________________________________________________________________________
Question : What is the mean of the normal distribution std?

Truth: standard deviation of the normal distribution

Prediction: ['mean']
 ________________________________________________________________________________
Question : How  If some is True, then this function returns the thin (reduced) QR factorization.
Otherwise, if some is False, this function returns the complete QR factorization., give an example?

Truth: >>> a = torch.tensor([[12., -51, 4], [6, 167, -68], [-4, 24, -41]])
>>> q, r = torch.qr(a)
>>> q
tensor([[-0.8571,  0.3943,  0.3314],
        [-0.4286, -0.9029, -0.0343],
        [ 0.2857, -0.1714,  0.9429]])
>>> r
tensor([[ -14.0000,  -21.0000,   14.0000],
        [   0.0000, -175.0000,   70.0000],
        [   0.0000,    0.0000,  -35.0000]])
>>> torch.mm(q, r).round()
tensor([[  12.,  -51.,    4.],
        [   6.,  167.,  -68.],
        [  -4.,   24.,  -41.]])
>>> torch.mm(q.t(), q).round()
tensor([[ 1.,  0.,  0.],
        [ 0.,  1., -0.],
        [ 0., -0.,  1.]])
>>> a = torch.randn(3, 4, 5)
>>> q, r = torch.qr(a, some=False)
>>> torch.allclose(torch.matmul(q, r), a)
True
>>> torch.allclose(torch.matmul(q.transpose(-2, -1), q), torch.eye(5))
True

Prediction: ['>>> a = torch.randn']
 ________________________________________________________________________________
Question : What does replicationPad1d Pads the input tensor using?

Truth: replication

Prediction: ['replication of the input boundary']
 ________________________________________________________________________________
Question : flush_secs (int) – How often, in seconds, to flush the pending events and summaries to disk?

Truth: every two minutes

Prediction: ['flush_sec']
 ________________________________________________________________________________
Question : What type of transposed convolution operator does nn.ConvTranspose3d Applies over an input image composed of several input plane

Truth: 3D

Prediction: ['3D']
 ________________________________________________________________________________
Question : What are the invariants of a sparse COO tensor?

Truth: s.sparse_dim(), K = s.dense_dim()

Prediction: ['sparse COO tens']
 ________________________________________________________________________________
Question : How to use torch.special.expm1, give an example?

Truth: >>> torch.special.expm1(torch.tensor([0, math.log(2.)]))
tensor([ 0.,  1.])

Prediction: ['>>> a = torch.']
 ________________________________________________________________________________
Question : What is the name of the external data format?

Truth: Training Functions

Prediction: ['external data format']
 ________________________________________________________________________________
Question : What is an example of a tensor that must be broadcastable?

Truth: Example

Prediction: ['Example']
 ________________________________________________________________________________
Question : Patterns can be either module names ("foo.bar") or what?

Truth: globs

Prediction: ['foo.bar']
 ________________________________________________________________________________
Question : Default: if what, infers data type fromvalues. device(torch.device, optional) – the desired

Truth: None

Prediction: ['False']
 ________________________________________________________________________________
Question : Computes the 2-dimensional discrete Fourier transform of realinput.

Truth: inverse ofrfft2()

Prediction: ['2-dimensional discrete Fourier']
 ________________________________________________________________________________
Question : What is the element-wise ofinputi/otheri?

Truth: arctangent

Prediction: ['element-wise']
 ________________________________________________________________________________
Question : What is nn.SELU?

Truth: Applied element-wise

Prediction: ['SELU']
 ________________________________________________________________________________
Question : Deletes the given submodule from self. The module will not be deleted what if target is not a valid target?

Truth: if target is not a valid target

Prediction: ['False']
 ________________________________________________________________________________
Question : What does module_name(str) stand for?

Truth: module_name(str)

Prediction: ['module_name']
 ________________________________________________________________________________
Question : What representation is a module or function to be traced and converted into?

Truth: Graph

Prediction: ['GraphModule']
 ________________________________________________________________________________
Question : What is the in-place version of HardTanh?

Truth: hardtanh()

Prediction: ['Tensor.hardTan']
 ________________________________________________________________________________
Question : What does lcm stand for?

Truth: least common multiple

Prediction: ['Lcm']
 ________________________________________________________________________________
Question : What does Alias fortorch.acos() compute?

Truth: inverse cosine

Prediction: ['Alias fortorch.acos']
 ________________________________________________________________________________
Question : Pytorch Hub can't be a what?

Truth: random commit

Prediction: ['PyTorch Hub']
 ________________________________________________________________________________
Question : What is version ofsqrt()?

Truth: Tensor.sqrt_ In-place

Prediction: ['Tensor.sqrt_ In']
 ________________________________________________________________________________
Question : What is the name of the function that computes the indices that sort a tensor along a given dimension?

Truth: Alias fortorch.ge()

Prediction: ['Computes the indices that sort a']
 ________________________________________________________________________________
Question : Where can you save a version of aScriptModule for use in a separate process?

Truth: offline

Prediction: ['save_module']
 ________________________________________________________________________________
Question : What can be created from provided tensors?

Truth: a block diagonal matrix

Prediction: ['a scalar or tens']
 ________________________________________________________________________________
Question : What fills with elements from the normal distribution?

Truth: self tensor

Prediction: ['a tensor']
 ________________________________________________________________________________
Question : Image/Video Learn to load and preprocess data from a simple dataset with PyTorch's what library?

Truth: torchaudio library

Prediction: ['Image/Video']
 ________________________________________________________________________________
Question : For details of the anomaly detection behaviour, see what?

Truth: detect_anomaly

Prediction: ['anomaly detection']
 ________________________________________________________________________________
Question : What is the tensor based on?

Truth: Ln-norm

Prediction: ['1-D tensor']
 ________________________________________________________________________________
Question : What would you use extra_cflags=['-O3'"?

Truth: to compile your extension with optimizations

Prediction: ['extra_cflags']
 ________________________________________________________________________________
Question : What is an example of a new tensor?

Truth: Example

Prediction: ['Example']
 ________________________________________________________________________________
Question : What globally prunes tensors corresponding to all parameters inparametersby applying the specifiedpruning_method?

Truth: global_unstructured

Prediction: ['global_setup']
 ________________________________________________________________________________
Question : Force_reload(bool,optional) – whether to discard the existing cache and force a fresh download. Default is what?

Truth: False

Prediction: ['force_reload']
 ________________________________________________________________________________
Question : What computes the regularized lower incomplete gamma function?

Truth: igamma

Prediction: ['lower incomplete gamma function']
 ________________________________________________________________________________
Question : What does dist return?

Truth: p-norm

Prediction: ['a tensor']
 ________________________________________________________________________________
Question : What should have the same log_dir. max_queue (int) – Size of the queue for pending events and summ

Truth: crashed and resumed experiments

Prediction: ['log_dir']
 ________________________________________________________________________________
Question : If return_complex is True, the return is what?

Truth: input.dim()

Prediction: ['If return_complex is True']
 ________________________________________________________________________________
Question : What is a wrapper around C++torch?

Truth: ScriptModule

Prediction: ['C++torch.']
 ________________________________________________________________________________
Question : What is the difference along the given dimension?

Truth: n-th forward

Prediction: ['dim']
 ________________________________________________________________________________
Question : What does atorch.ByteTensor get?

Truth: current device

Prediction: ['ByteTensor']
 ________________________________________________________________________________
Question : What implements a function with checks for__torch_function__overrides?

Truth: Dict[Callable, Callable] Examples

Prediction: ['torch.jit.']
 ________________________________________________________________________________
Question : What is the split dimension of tensor_split?

Truth: zero

Prediction: ['1-D']
 ________________________________________________________________________________
Question : If the output tensor is of the same size as input, what is it?

Truth: IfkeepdimisTrue

Prediction: ['1-D tensor']
 ________________________________________________________________________________
Question : What is the location in the original source file that generated this instruction?

Truth: #test.py:9:10

Prediction: ['torch.jit.']
 ________________________________________________________________________________
Question : The non-matrix dimensions are what?

Truth: broadcasted

Prediction: ['dim']
 ________________________________________________________________________________
Question : What function returns an additional returned tensor for where elements in the original input map to in the output?

Truth: ifreturn_inverseis True

Prediction: ['Tensor.add_']
 ________________________________________________________________________________
Question : Computes the one dimensional Fourier transform of real-valuedinput. Computes the 2-dimensional discrete Fourier transform of realin

Truth: inverse ofrfft()

Prediction: ['1 dimensional Fourier transform of']
 ________________________________________________________________________________
Question : What tensor is at least product(tensor shape>) * size of element type in bytes>?

Truth: strided tensor

Prediction: ['1-D tensor']
 ________________________________________________________________________________
Question : What does torch.onnx.export represent?

Truth: a file-like object

Prediction: ['onnx.on']
 ________________________________________________________________________________
Question : What does Returns a tensor filled with random integers generated uniformly betweenlow(inclusive) and high(exclusive)?

Truth: a tensor

Prediction: ['a tensor']
 ________________________________________________________________________________
Question : What language is TorchScript a subset of?

Truth: Python

Prediction: ['C++']
 ________________________________________________________________________________
Question : What combine an array of sliding local blocks into a large containing tensor?

Truth: nn.Fold

Prediction: ['a tensor']
 ________________________________________________________________________________
Question : nn.BatchNorm2d Applies Batch Normalization over what input?

Truth: 4D input

Prediction: ['2D']
 ________________________________________________________________________________
Question : What is highly recommended to add to Pytorch Hub?

Truth: a few examples

Prediction: ['PyTorch Hub']
 ________________________________________________________________________________
Question : What is the default operator_export_type mode used to export all operators as?

Truth: ATen ops

Prediction: ['operator_export_type']
 ________________________________________________________________________________
Question : What does aFuturecannot be marked twice?

Truth: aFuturecannot be marked completed twice

Prediction: ['aFuturecannot be marked marked']
 ________________________________________________________________________________
Question : What is the col_indices tensor of size nnz?

Truth: 1-D tensor

Prediction: ['1-D']
 ________________________________________________________________________________
Question : Returns a 3-dimensional view of each input tensor with what dimensions?

Truth: zero

Prediction: ['1-dimensional']
 ________________________________________________________________________________
Question : When is description included in PyTorch?

Truth: when printing a Measurement

Prediction: ['when PyTorch’']
 ________________________________________________________________________________
Question : What is In-place version ofbitwise_not()?

Truth: Tensor.bitwise_not

Prediction: ['Tensor.bitwise_not']
 ________________________________________________________________________________
Question : How can empty container types be marked with aFinalclass annotation instead of adding the name of the member to__constants__?

Truth: annotate their types usingPEP 526-styleclass annotations

Prediction: ['empty container types']
 ________________________________________________________________________________
Question : What is a channel a part of?

Truth: feature map

Prediction: ['channel']
 ________________________________________________________________________________
Question : What is a way to create a table of the form?

Truth: usingCompare

Prediction: ['Create a table of the form']
 ________________________________________________________________________________
Question : What is torch.nn deeply integrated with?

Truth: autograd

Prediction: ['nn']
 ________________________________________________________________________________
Question : What is In-place version of not_equal()?

Truth: Tensor

Prediction: ['Tensor.not_equal']
 ________________________________________________________________________________
Question : What is the value of the scales used to convert a float tensor to a per-channel quantized tensor

Truth: zero points

Prediction: ['1-D tensor']
 ________________________________________________________________________________
Question : Why is using traditional debugging techniques like print statements or pdb not as straightfoward?

Truth: FX generates the forward() function on GraphModules

Prediction: ['pdb']
 ________________________________________________________________________________
Question : What is each element of the input Tensor?

Truth: Thresholds

Prediction: ['a tensor']
 ________________________________________________________________________________
Question : What does delete_submodule do to the given submodule from self?

Truth: Deletes

Prediction: ['delete_submodule']
 ________________________________________________________________________________
Question : What dimension is the input Tensor?

Truth: n-dimensional

Prediction: ['1-D']
 ________________________________________________________________________________
Question : What can we create valid Python code matching the Graph's semantics?

Truth: Graph IR

Prediction: ['PyTorch']
 ________________________________________________________________________________
Question : Howtorch.packagefinds your code’s dependencies?

Truth: Steps

Prediction: ['Package Importer']
 ________________________________________________________________________________
Question : What type of cosine is the inverse of the elements of input?

Truth: hyperbolic

Prediction: ['1-D']
 ________________________________________________________________________________
Question : What is the preferred way to createScriptModules?

Truth: 2.torch.jit.script(nn_module_instance)

Prediction: ['TorchScript']
 ________________________________________________________________________________
Question : How many update the consolidated state_dict list?

Truth: one per rank

Prediction: ['two']
 ________________________________________________________________________________
Question : What returns a random permutation of integers from 0 to -1?

Truth: randperm

Prediction: ['random permutation of integers']
 ________________________________________________________________________________
Question : How to use The dynamic control flow is captured correctly. We can verify in backends with different loop range.To avoid exporting a variable scalar tensor as a fixed value constant as part of the ONNX model, please
avoid use of torch.Tensor.item(). Torch supports implicit cast of single-element tensors to numbers.
E.g.:, give an example?

Truth: class LoopModel(torch.nn.Module):
    def forward(self, x, y):
        res = []
        arr = x.split(2, 0)
        for i in range(int(y)):
            res += [arr[i].sum(0, False)]
        return torch.stack(res)

model = torch.jit.script(LoopModel())
inputs = (torch.randn(16), torch.tensor(8))

out = model(*inputs)
torch.onnx.export(model, inputs, 'loop_and_list.onnx', opset_version=11, example_outputs=out)

Prediction: ['>>> a = torch.randn']
 ________________________________________________________________________________
Question : What does the Context-manager return for a given device?

Truth: default Stream

Prediction: ['a tensor']
 ________________________________________________________________________________
Question : How to use torch.randint, give an example?

Truth: >>> torch.randint(3, 5, (3,))
tensor([4, 3, 4])


>>> torch.randint(10, (2, 2))
tensor([[0, 2],
        [5, 5]])


>>> torch.randint(3, 10, (2, 2))
tensor([[4, 5],
        [6, 7]])

Prediction: ['>>> a = torch.randint']
 ________________________________________________________________________________
Question : What are compiled as they are seen by the compiler?

Truth: Functions and methods called fromforward

Prediction: ['TorchScript']
 ________________________________________________________________________________
Question : The indices of specified elements are collected what?

Truth: inindicestensor

Prediction: ['indices']
 ________________________________________________________________________________
Question : In the symbolic function, if the operator is already standardized in ONNX, we just need to do what to represent the ONNX operator

Truth: create a node

Prediction: ['Note']
 ________________________________________________________________________________
Question : What Computes the eigenvalues and eigenvectors of a real square matrix ?

Truth: eig

Prediction: ['eigenvalues']
 ________________________________________________________________________________
Question : How to use torch.nn.init.constant_, give an example?

Truth: >>> w = torch.empty(3, 5)
>>> nn.init.constant_(w, 0.3)

Prediction: ['>>> a = torch.']
 ________________________________________________________________________________
Question : What type of convolution does conv3d apply?

Truth: 3D

Prediction: ['3D']
 ________________________________________________________________________________
Question : How can you pass additional flags to nvcc?

Truth: extra_cuda_cflags

Prediction: ['with torch.nn.']
 ________________________________________________________________________________
Question : StepLR Decays the learning rate of each parameter group by gamma every what?

Truth: step_size epochs

Prediction: ['lr_scheduler']
 ________________________________________________________________________________
Question : When is the context manager useful?

Truth: when running the program under nvprof

Prediction: ['when all of the submodules are']
 ________________________________________________________________________________
Question : Tensor.imag Returns a new tensor containing what values of the self tensor?

Truth: imaginary values

Prediction: ['Tensor.imag Returns a new']
 ________________________________________________________________________________
Question : What type of tensor returns ones on the diagonal and zeros elsewhere?

Truth: 2-D tensor

Prediction: ['1-D']
 ________________________________________________________________________________
Question : What is the shape of batch1 temsor in torch.baddbmm?

Truth:  (bnm)(b times n times m)

Prediction: ['shape']
 ________________________________________________________________________________
Question : What does the Docstring of the function explain?

Truth: what does the model do and what are the allowed positional/keyword arguments

Prediction: ['Docstring']
 ________________________________________________________________________________
Question : What Applies a 1D average pooling over an input signal composed of several input planes?

Truth: nn.AvgPool1d

Prediction: ['1D average pooling']
 ________________________________________________________________________________
Question : What does Alias for torch.linalg.det() call?

Truth: Alias for torch.linalg.inv()

Prediction: ['Alias for torch.l']
 ________________________________________________________________________________
Question : What is available at http

Truth: a detailed tutorial

Prediction: ['PyTorch']
 ________________________________________________________________________________
Question : What is an example of a function that can be added to a module and its submodules?

Truth: Recursivelyapply()a function

Prediction: ['Example']
 ________________________________________________________________________________
Question : What does mv perform of the matrix input and the vector vec?

Truth: matrix -vector product

Prediction: ['M[sparse_']
 ________________________________________________________________________________
Question : What is the return value of the low-level function for calling LAPACK's geqrf?

Truth: namedtuple

Prediction: ['LAPACK']
 ________________________________________________________________________________
Question : What is the name of the index that returns a new tensor that indexes the input tensor along dimensiondimusing

Truth: a Long Tensor

Prediction: ['a Long Tensor']
 ________________________________________________________________________________
Question : In-place version ofhardtanh(). Applies what function element-wise?

Truth: hardswish function

Prediction: ['Tensor.hardtanh']
 ________________________________________________________________________________
Question : When mode=True: torch.nn.AvgPool3d when attempting to differentiate a CUDA

Truth: RuntimeError

Prediction: ['CUDA tensor torch']
 ________________________________________________________________________________
Question : If True, turns on verbose logging of load steps. with_cuda – Determines whether CUDA headers and

Truth: verbose

Prediction: ['with_cuda']
 ________________________________________________________________________________
Question : What Returns True if the data type of input is a complex data type?

Truth: is_complex

Prediction: ['Tensor.complex']
 ________________________________________________________________________________
Question : When will a newFutureobject that holds the return value of thecallbackand be marked as completed?

Truth: when the givencallbackfinishes

Prediction: ['until the value of this']
 ________________________________________________________________________________
Question : What should function use the second input as in LSTM?

Truth: hidden preserve_rng_state

Prediction: ['LSTM']
 ________________________________________________________________________________
Question : AdaptiveMaxPool3d Applies what type of adaptive max pooling over an input signal composed of several input planes?

Truth: 3D

Prediction: ['3D']
 ________________________________________________________________________________
Question : What does this install if they are subpaths of target?

Truth: empty Modules

Prediction: ['submodules']
 ________________________________________________________________________________
Question : What are some edge cases that exist where the trace of a given Python function/module will not be representative of the underlying code?

Truth: Tracing of control flow that is dependent on inputs

Prediction: ['symbolic tracing']
 ________________________________________________________________________________
Question : What is the name of the object to test?

Truth: obj(Object)

Prediction: ['torch.jit.']
 ________________________________________________________________________________
Question : What is Seetorch.dist?

Truth: Tensor.dist

Prediction: ['Tensor.dist']
 ________________________________________________________________________________
Question : To compile your extension with optimizations, pass what?

Truth: extra_cflags=['-O3'].

Prediction: ['pdb']
 ________________________________________________________________________________
Question : What is a loops or if statements whose value cannot change across invocations?

Truth: static control flow

Prediction: ['If statements whose value cannot change across']
 ________________________________________________________________________________
Question : What is the Alias for torch.special.logit()?

Truth: logit

Prediction: ['Alias for torch.special']
 ________________________________________________________________________________
Question : What is currently not traceable?

Truth: Tensor constructors

Prediction: ['trace-based tracing']
 ________________________________________________________________________________
Question : What does get_attr linear_weight stand for?

Truth: linear.weight

Prediction: ['linear_weight']
 ________________________________________________________________________________
Question : For what reason will not providing a value for steps create a tensor with 100 elements?

Truth: backwards compatibility

Prediction: ['Steps']
 ________________________________________________________________________________
Question : What did no_grad Context-manager disable?

Truth: gradient calculation

Prediction: ['no_grad']
 ________________________________________________________________________________
Question : What does the Alias fortorch.transpose() do?

Truth: Concatenates a sequence of tensors along a new dimension

Prediction: ['Alias fortorch.transpose']
 ________________________________________________________________________________
Question : What is included in the Convenience method to build a CUDA/C++ extension?

Truth: CUDA include path, library path and runtime library

Prediction: ['convenience']
 ________________________________________________________________________________
Question : Returns a new tensor containing imaginary values of the self tensor. What Returns a new tensor

Truth: Tensor.imag

Prediction: ['Tensor.is_']
 ________________________________________________________________________________
Question : What are we trying to do to prevent manual changes in the future?

Truth: improve the datatype propagation in the exporter

Prediction: ['Warning']
 ________________________________________________________________________________
Question : What is the term for persistent_workers?

Truth: IfTrue

Prediction: ['Note']
 ________________________________________________________________________________
Question : If theFuture's value contains tensors that reside on GPUs, the callback might be invoked when?

Truth: while the async kernels that are populating those tensors haven’t yet finished executing on the device

Prediction: ['IfkeepdimisTrue']
 ________________________________________________________________________________
Question : What is the function that computes a partial inverse of MaxPool3d?

Truth: Computes a partial inverse ofMaxPool2d

Prediction: ['Computes a partial inverse of']
 ________________________________________________________________________________
Question : If what is specified, the number of bins is at least minlength and if input is empty, the result is tensor of size

Truth: minlength

Prediction: ['1-D tensor']
 ________________________________________________________________________________
Question : What is the name of the number of sparse dimensions in a sparse tensor self?

Truth: sparse

Prediction: ['Tensor.sparse_dim']
 ________________________________________________________________________________
Question : What type of algorithms does _algorithms_enabled() use?

Truth: deterministic

Prediction: ['deterministic algorithms']
 ________________________________________________________________________________
Question : What does prune.global_unstructured apply to a parameter in the given module?

Truth: spectral normalization

Prediction: ['global_unstructured']
 ________________________________________________________________________________
Question : What does the currentStream for a given device return?

Truth: the currently selectedStreamfor a given device

Prediction: ['currentStream']
 ________________________________________________________________________________
Question : How to use torch.addmv, give an example?

Truth: >>> M = torch.randn(2)
>>> mat = torch.randn(2, 3)
>>> vec = torch.randn(3)
>>> torch.addmv(M, mat, vec)
tensor([-0.3768, -5.5565])

Prediction: ['>>> a = torch.randn']
 ________________________________________________________________________________
Question : What is the name of Seetorch.outer()?

Truth: Tensor.outer

Prediction: ['Tensor.outer']
 ________________________________________________________________________________
Question : What is a String that summarizes stmt?

Truth: label

Prediction: ['String']
 ________________________________________________________________________________
Question : What is the inverse of the elements ofinput?

Truth: hyperbolic sine

Prediction: ['inverse']
 ________________________________________________________________________________
Question : What applies Batch Normalization over a 4D input?

Truth: nn.BatchNorm3d

Prediction: ['nn.BatchNorm']
 ________________________________________________________________________________
Question : What is an example of a diagram used for dynamic quantization?

Truth: API

Prediction: ['Example']
 ________________________________________________________________________________
Question : What must match the backend on which the model will be executed?

Truth: qconfig and the engine

Prediction: ['pdb']
 ________________________________________________________________________________
Question : What indicates if CUDNN is currently available?

Truth: bool

Prediction: ['CUDA tensor torch']
 ________________________________________________________________________________
Question : How to use PyTorch sparse COO tensor format permits uncoalesced sparse tensors,
where there may be duplicate coordinates in the indices; in this case,
the interpretation is that the value at that index is the sum of all
duplicate value entries. For example, one can specify multiple values,
3 and 4, for the same index 1, that leads to an 1-D
uncoalesced tensor:while the coalescing process will accumulate the multi-valued elements
into a single value using summation:, give an example?

Truth: >>> s.coalesce()
tensor(indices=tensor([[1]]),
       values=tensor([7]),
       size=(3,), nnz=1, layout=torch.sparse_coo)

Prediction: ['>>> a = torch.']
 ________________________________________________________________________________
Question : What aren't usually Tensor-like?

Truth: Built-in or user types

Prediction: ['Tensor-like']
 ________________________________________________________________________________
Question : What is the name of the in-place version of abs() Tensor?

Truth: abs() Tensor

Prediction: ['abs() Tensor']
 ________________________________________________________________________________
Question : What is the name of the alias?

Truth: torch.vstack()

Prediction: ['Alias for torch.acos()']
 ________________________________________________________________________________
Question : What documentation does totorch.use_deterministic_algorithms() refer to for more details?

Truth: totorch.use_deterministic_algorithms()

Prediction: ['deterministic']
 ________________________________________________________________________________
Question : What is the 16-bit torch?

Truth: floating point2

Prediction: ['16-bit']
 ________________________________________________________________________________
Question : What is Seetorch.fmin?

Truth: Tensor.fmin

Prediction: ['Tensor.fmin']
 ________________________________________________________________________________
Question : How many categories of indexing are there in PyTorch?

Truth: two

Prediction: ['two']
 ________________________________________________________________________________
Question : What does the device ordinal allow for?

Truth: fast prototyping of code

Prediction: ['devices']
 ________________________________________________________________________________
Question : What applies the soft shrinkage function element wise?

Truth: softshrink

Prediction: ['Softmax']
 ________________________________________________________________________________
Question : What rounds the results of the division towards zero?

Truth: trunc

Prediction: ['tensor']
 ________________________________________________________________________________
Question : If True, all the initializers (typically corresponding to parameters) in the exported graph will also be added as inputs to the graph.

Truth: If False

Prediction: ['If True']
 ________________________________________________________________________________
Question : When will the behavior of nondeterministic constructors be fixed?

Truth: in a future release

Prediction: ['IfkeepdimisTrue']
 ________________________________________________________________________________
Question : What is the name of the elements ofinput?

Truth: arcsine

Prediction: ['element-wise division']
 ________________________________________________________________________________
Question : What does frobenius_norm stand for?

Truth: frobenius_norm

Prediction: ['Frobenius norm']
 ________________________________________________________________________________
Question : What is a bfloat16 torch?

Truth: 16-bit floating point 2 torch

Prediction: ['16-bit floating point torch']
 ________________________________________________________________________________
Question : What does Holds parameters in a dictionary?

Truth: Holds parameters in a list

Prediction: ['Holds parameters in a']
 ________________________________________________________________________________
Question : What is faster and more numerically stable than computing the inverse explicitly?

Truth: usesolve()

Prediction: ['Computes the inverse of']
 ________________________________________________________________________________
Question : What type of tensor can be added to a self tensor?

Truth: scalar

Prediction: ['1-D']
 ________________________________________________________________________________
Question : What is Linear / Identity 111?

Truth: Linear / Identity 111

Prediction: ['Linear']
 ________________________________________________________________________________
Question : What type of matrix mat performs a matrix  multiplication of the sparse matrix mat1 and the (sparse or strided

Truth: sparse

Prediction: ['sparse']
 ________________________________________________________________________________
Question : What is computed by lu()?

Truth: Matrix product of two tensors

Prediction: ['LU factorization']
 ________________________________________________________________________________
Question : What is a warning about usinglstsq()?

Truth: Warning

Prediction: ['Warning']
 ________________________________________________________________________________
Question : Instead of passing an iterable ofVariables, pass in what?

Truth: iterable ofdicts

Prediction: ['p-norm']
 ________________________________________________________________________________
Question : How to use torch.add, give an example?

Truth: >>> a = torch.randn(4)
>>> a
tensor([ 0.0202,  1.0985,  1.3506, -0.6056])
>>> torch.add(a, 20)
tensor([ 20.0202,  21.0985,  21.3506,  19.3944])

Prediction: ['>>> a = torch.randn']
 ________________________________________________________________________________
Question : What does importlib.resources comply with?

Truth: Python standard

Prediction: ['importlib.resources']
 ________________________________________________________________________________

Question : What does nn.ConvTranspose1d Applies over an input image composed of several input planes?

Truth: 1D transposed convolution operator

Prediction: ['1D']
 ________________________________________________________________________________
Question : in torch.logsumexp, If the output tensor is of the same size as input, how many dimension(s) does it have?

Truth: 1

Prediction: ['1']
 ________________________________________________________________________________
Question : Holds submodules in a dictionary <sep>

Truth: Holds submodules in a dictionary

Prediction: ['Holds submodules in a dictionary']
 ________________________________________________________________________________
Question : Execute what?

Truth: main statement (stmt)numbertimes

Prediction: ['PyTorch']
 ________________________________________________________________________________
Question : What is created when sizesteps are evenly spaced frombasestarttextbasetextstartbasestarttobaseendtext

Truth: a one-dimensional tensor

Prediction: ['a tensor']
 ________________________________________________________________________________
Question : What is Tensor.tan?

Truth: Tensor.tan Seetorch.tan

Prediction: ['Seetorch.tan']
 ________________________________________________________________________________
Question : What is zero_point in torch.fake_quantize_per_tensor_affine?

Truth: quantization zero_point

Prediction: ['zero']
 ________________________________________________________________________________
Question : What does the functionSoftSign(x)=x1+xtextSoftSign(x) = frac

Truth: softsign

Prediction: ['1-D tensor']
 ________________________________________________________________________________
Question : What does Autograd include that lets you inspect the cost of different operators inside your model?

Truth: profiler

Prediction: ['autograd']
 ________________________________________________________________________________
Question : What is the output of torch.Tensor.coalesce()method?

Truth: a sparse tensor

Prediction: ['coalesced']
 ________________________________________________________________________________